heap_overflow.c:main:31#(i < LOWFAT_GLOBAL_MS__heap_overflow__malloc_7)
